// Jest Snapshot v1, https://goo.gl/fbAQLP

exports[`renders a sentence 1`] = `
<svg
  className="graph"
  height="600"
  width="1000"
>
  <g />
</svg>
`;
