// Jest Snapshot v1, https://goo.gl/fbAQLP

exports[`renders a sentence 1`] = `
<div
  className="sentence"
>
  <p>
    <span
      className="word"
      onClick={[Function]}
      onKeyDown={[Function]}
      role="button"
      style={
        Object {
          "color": "rgb(43, 114, 124)",
        }
      }
      tabIndex="0"
    >
      Ἡροδότου
    </span>
     
  </p>
</div>
`;
